[1218.387] / {
[1218.388]      compatible = "spacemit,k1-x";
[1218.392]      #address-cells = <0x00000002>;
[1218.395]      #size-cells = <0x00000002>;
[1218.399]      model = "spacemit k1-x deb1 board";
[1218.403]      modules_usrload = "8852bs";
[1218.407]      aliases {
[1218.409]      };
[1218.410]      cpus {
[1218.412]      };
[1218.413]      clocks {
[1218.415]      };
[1218.417]      reserved-memory {
[1218.419]      };
[1218.421]      soc {
[1218.423]      };
[1218.424]      pmu {
[1218.425]      };
[1218.427]      spacemit_snd_dma_hdmi {
[1218.430]      };
[1218.431]      dummy_codec {
[1218.434]      };
[1218.435]      i2s0@d4026000 {
[1218.438]      };
[1218.439]      i2s1@d4026800 {
[1218.441]      };
[1218.443]      spacemit-snd-dma0 {
[1218.446]      };
[1218.447]      spacemit-snd-dma1 {
[1218.450]      };
[1218.451]      snd-card@0 {
[1218.454]      };
[1218.455]      snd-card@1 {
[1218.457]      };
[1218.459]      lcds {
[1218.460]      };
[1218.462]      memory@0 {
[1218.464]      };
[1218.465]      memory@100000000 {
[1218.468]      };
[1218.469]      chosen {
[1218.471]      };
[1218.473]      dc-12v {
[1218.475]      };
[1218.476]      vcc4v0-baseboard {
[1218.479]      };
[1218.480]      rf-pwrseq {
[1218.482]      };
[1218.484]      leds {
[1218.485]      };
[1218.487]      pwm-fan {
[1218.489]      };
[1218.490] };
[1218.492] ## Booting kernel from Legacy Image at 11000000 ...
[1218.497]    Image Name:   Linux Kernel
[1218.501]    Image Type:   RISC-V Linux Kernel Image (uncompressed)
[1218.507]    Data Size:    34587136 Bytes = 33 MiB
[1218.511]    Load Address: 00200000
[1218.515]    Entry Point:  00200000
   Verifying Checksum ... OK
[1218.675] ## Flattened Device Tree blob at 31000000
[1218.677]    Booting using the fdt blob at 0x31000000
[1218.681]    Loading Kernel Image
[1218.708]    Using Device Tree in place at 0000000031000000, end 0000000031018167
[1218.729] 
Starting kernel ...

[    0.000000] Linux version 6.6.63+ (user1@phantom-machine) (riscv64-unknown-linux-gnu-gcc () 13.2.0, GNU ld (GNU Binutils) 2.43.1) #1 SMP PREEMPT Sat Mar 22 17:41:42 PKT 2025
[    0.000000] Machine model: spacemit k1-x deb1 board
[    0.000000] SBI specification v1.0 detected
[    0.000000] SBI implementation ID=0x1 Version=0x10003
[    0.000000] SBI IPI extension detected
[    0.000000] SBI RFENCE extension detected
[    0.000000] earlycon: sbi0 at I/O port 0x0 (options '')
[    0.000000] printk: bootconsole [sbi0] enabled
[    0.000000] efi: UEFI not found.
[    0.000000] Reserved memory: created CMA memory pool at 0x0000000067000000, size 384 MiB
[    0.000000] OF: reserved mem: initialized node linux,cma, compatible id shared-dma-pool
[    0.000000] OF: reserved mem: 0x0000000067000000..0x000000007effffff (393216 KiB) map reusable linux,cma
[    0.000000] OF: reserved mem: 0x0000000000000000..0x000000000007ffff (512 KiB) nomap non-reusable mmode_resv0@0
[    0.000000] Reserved memory: created DMA memory pool at 0x000000002ff40000, size 0 MiB
[    0.000000] OF: reserved mem: initialized node dpu_reserved@2ff40000, compatible id shared-dma-pool
[    0.000000] OF: reserved mem: 0x000000002ff40000..0x000000002fffffff (768 KiB) nomap non-reusable dpu_reserved@2ff40000
[    0.000000] OF: reserved mem: 0x0000000030000000..0x00000000301fffff (2048 KiB) nomap non-reusable mem@30000000
[    0.000000] OF: reserved mem: 0x0000000030200000..0x0000000030202fff (12 KiB) nomap non-reusable vdev0vring0@30200000
[    0.000000] OF: reserved mem: 0x0000000030203000..0x0000000030205fff (12 KiB) nomap non-reusable vdev0vring1@30203000
[    0.000000] Reserved memory: created DMA memory pool at 0x0000000030206000, size 0 MiB
[    0.000000] OF: reserved mem: initialized node vdev0buffer@30206000, compatible id shared-dma-pool
[    0.000000] OF: reserved mem: 0x0000000030206000..0x00000000302fbfff (984 KiB) nomap non-reusable vdev0buffer@30206000
[    0.000000] OF: reserved mem: 0x00000000302fc000..0x00000000302fffff (16 KiB) nomap non-reusable rsc_table@302fc000
[    0.000000] OF: reserved mem: 0x0000000030300000..0x000000003033ffff (256 KiB) nomap non-reusable rcpu_mem_snapshots@30300000
[    0.000000] OF: reserved mem: 0x000000007f000000..0x000000007fffffff (16384 KiB) map non-reusable framebuffer@7f000000
[    0.000000] OF: reserved mem: 0x0000000080000000..0x00000000c07fffff (1056768 KiB) nomap non-reusable area_reserved@80000000
[    0.000000] OF: reserved mem: 0x00000000c0800000..0x00000000c083ffff (256 KiB) nomap non-reusable mem@c0800000
[    0.000000] OF: reserved mem: 0x00000000c0840000..0x00000000ffffffff (1040128 KiB) nomap non-reusable area_reserved@c0840000
[    0.000000] Zone ranges:
[    0.000000]   DMA32    [mem 0x0000000000000000-0x000000007fffffff]
[    0.000000]   Normal   [mem 0x0000000080000000-0x000000047fffffff]
[    0.000000] Movable zone start for each node
[    0.000000] Early memory node ranges
[    0.000000]   node   0: [mem 0x0000000000000000-0x000000000007ffff]
[    0.000000]   node   0: [mem 0x0000000000080000-0x000000002ff3ffff]
[    0.000000]   node   0: [mem 0x000000002ff40000-0x000000003033ffff]
[    0.000000]   node   0: [mem 0x0000000030340000-0x000000007fffffff]
[    0.000000]   node   0: [mem 0x0000000100000000-0x000000047fffffff]
[    0.000000] Initmem setup node 0 [mem 0x0000000000000000-0x000000047fffffff]
[    0.000000] On node 0, zone Normal: 524288 pages in unavailable ranges
[    0.000000] SBI HSM extension detected
[    0.000000] riscv: base ISA extensions acdfimv
[    0.000000] riscv: ELF capabilities acdfimv
[    0.000000] percpu: Embedded 29 pages/cpu s80872 r8192 d29720 u118784
[    0.000000] pcpu-alloc: s80872 r8192 d29720 u118784 alloc=29*4096
[    0.000000] pcpu-alloc: [0] 0 [0] 1 [0] 2 [0] 3 [0] 4 [0] 5 [0] 6 [0] 7 
[    0.000000] Kernel command line: earlyprintk quiet splash plymouth.ignore-serial-consoles plymouth.prefer-fbcon clk_ignore_unused swiotlb=65536 workqueue.default_affinity_scope=system root=/dev/nfs nfsroot=192.168.2.2:/nfsroot/rootfs, ip=eth0:dhcp,nolink noipath earlycon=sbi console=ttyS0,115200n8 loglevel=8 rdint
[    0.000000] Dentry cache hash table entries: 2097152 (order: 12, 16777216 bytes, linear)
[    0.000000] Inode-cache hash table entries: 1048576 (order: 11, 8388608 bytes, linear)
[    0.000000] Built 1 zonelists, mobility grouping on.  Total pages: 4120576
[    0.000000] mem auto-init: stack:off, heap alloc:off, heap free:off
[    0.000000] software IO TLB: area num 8.
[    0.000000] software IO TLB: mapped [mem 0x000000005f000000-0x0000000067000000] (128MB)
[    0.000000] Memory: 15874528K/16777216K available (16076K kernel code, 6893K rwdata, 8192K rodata, 2307K init, 586K bss, 509472K reserved, 393216K cma-reserved)
[    0.000000] SLUB: HWalign=64, Order=0-3, MinObjects=0, CPUs=8, Nodes=1
[    0.000000] 
[    0.000000] **********************************************************
[    0.000000] **   NOTICE NOTICE NOTICE NOTICE NOTICE NOTICE NOTICE   **
[    0.000000] **                                                      **
[    0.000000] ** trace_printk() being used. Allocating extra memory.  **
[    0.000000] **                                                      **
[    0.000000] ** This means that this is a DEBUG kernel and it is     **
[    0.000000] ** unsafe for production use.                           **
[    0.000000] **                                                      **
[    0.000000] ** If you see this message and you are not debugging    **
[    0.000000] ** the kernel, report this immediately to your vendor!  **
[    0.000000] **                                                      **
[    0.000000] **   NOTICE NOTICE NOTICE NOTICE NOTICE NOTICE NOTICE   **
[    0.000000] **********************************************************
[    0.000000] trace event string verifier disabled
[    0.000000] rcu: Preemptible hierarchical RCU implementation.
[    0.000000]  Trampoline variant of Tasks RCU enabled.
[    0.000000]  Tracing variant of Tasks RCU enabled.
[    0.000000] rcu: RCU calculated value of scheduler-enlistment delay is 25 jiffies.
[    0.000000] NR_IRQS: 64, nr_irqs: 64, preallocated irqs: 0
[    0.000000] riscv-intc: 64 local interrupts mapped
[    0.000000] plic: interrupt-controller@e0000000: mapped 159 interrupts with 8 handlers for 16 contexts.
[    0.000000] riscv: providing IPIs using SBI IPI extension
[    0.000000] rcu: srcu_init: Setting srcu_struct sizes based on contention.
[    0.000000] riscv-timer: Timer interrupt in S-mode is available via sstc extension
[    0.000000] clocksource: riscv_clocksource: mask: 0xffffffffffffffff max_cycles: 0x588fe9dc0, max_idle_ns: 440795202592 ns
[    0.000000] sched_clock: 64 bits at 24MHz, resolution 41ns, wraps every 4398046511097ns
[    0.008432] Console: colour dummy device 80x25
[    0.012678] Calibrating delay loop (skipped), value calculated using timer frequency.. 48.00 BogoMIPS (lpj=96000)
[    0.022921] pid_max: default: 32768 minimum: 301
[    0.027696] LSM: initializing lsm=capability,landlock,apparmor,integrity
[    0.034435] landlock: Up and running.
[    0.038175] AppArmor: AppArmor initialized
[    0.042404] Mount-cache hash table entries: 32768 (order: 6, 262144 bytes, linear)
[    0.049964] Mountpoint-cache hash table entries: 32768 (order: 6, 262144 bytes, linear)
[    0.060155] RCU Tasks: Setting shift to 3 and lim to 1 rcu_task_cb_adjust=1 rcu_task_cpu_ids=8.
[    0.066885] RCU Tasks Trace: Setting shift to 3 and lim to 1 rcu_task_cb_adjust=1 rcu_task_cpu_ids=8.
[    0.076126] riscv: ELF compat mode unsupported
[    0.076155] ASID allocator using 16 bits (65536 entries)
[    0.086042] rcu: Hierarchical SRCU implementation.
[    0.090808] rcu:     Max phase no-delay instances is 1000.
[    0.096652] EFI services will not be available.
[    0.101347] smp: Bringing up secondary CPUs ...
[    0.112667] smp: Brought up 1 node, 8 CPUs
[    0.119064] devtmpfs: initialized
[    0.132652] clocksource: jiffies: mask: 0xffffffff max_cycles: 0xffffffff, max_idle_ns: 7645041785100000 ns
[    0.139622] futex hash table entries: 2048 (order: 5, 131072 bytes, linear)
[    0.151186] pinctrl core: initialized pinctrl subsystem
[    0.155644] NET: Registered PF_NETLINK/PF_ROUTE protocol family
[    0.160705] DMA: preallocated 2048 KiB GFP_KERNEL pool for atomic allocations
[    0.167108] DMA: preallocated 2048 KiB GFP_KERNEL|GFP_DMA32 pool for atomic allocations
[    0.174898] audit: initializing netlink subsys (disabled)
[    0.180606] audit: type=2000 audit(0.116:1): state=initialized audit_enabled=0 res=1
[    0.180877] display class register
[    0.191758] thermal_sys: Registered thermal governor 'step_wise'
[    0.191814] cpuidle: using governor menu
[    0.225705] cpu6: Ratio of byte access time to unaligned word access is 1.68, unaligned accesses are fast
[    0.225704] cpu2: Ratio of byte access time to unaligned word access is 2.79, unaligned accesses are fast
[    0.225704] cpu3: Ratio of byte access time to unaligned word access is 2.70, unaligned accesses are fast
[    0.225705] cpu7: Ratio of byte access time to unaligned word access is 2.33, unaligned accesses are fast
[    0.225705] cpu5: Ratio of byte access time to unaligned word access is 1.68, unaligned accesses are fast
[    0.225705] cpu4: Ratio of byte access time to unaligned word access is 1.80, unaligned accesses are fast
[    0.225713] cpu1: Ratio of byte access time to unaligned word access is 3.07, unaligned accesses are fast
[    0.313775] cpu0: Ratio of byte access time to unaligned word access is 10.12, unaligned accesses are fast
[    0.320589] The real ratio of byte access time to unaligned word access should refer to the value of CPU0
[    0.330211] Cpu0 unaligned access is more efficient than nonboot cores, because of system bandwidth preemption.
[    0.340364] Nonboot cpus' unaligned access ratio measured simultaneously, but cpu0's measure is separately
[    0.350103] suspend: SBI SUSP extension detected
[    0.360084] platform soc: Fixed dependency cycle(s) with /soc/hdmi@C0400500
[    0.365831] platform d401e000.pinctrl: Fixed dependency cycle(s) with /soc/interrupt-controller@e0000000
[    0.373813] platform d401e000.pinctrl: Fixed dependency cycle(s) with /soc/reset-controller@d4050000
[    0.382972] platform d401e000.pinctrl: Fixed dependency cycle(s) with /soc/clock-controller@d4050000
[    0.392393] pinctrl-single d401e000.pinctrl: could not get resource
[    0.407810] platform soc: Fixed dependency cycle(s) with /soc/hdmi@C0400500
[    0.411986] platform c0400500.hdmi: Fixed dependency cycle(s) with /soc
[    0.418661] platform c0400500.hdmi: Fixed dependency cycle(s) with /soc/pinctrl@d401e000/hdmi_0_grp
[    0.427775] platform c0400500.hdmi: Fixed dependency cycle(s) with /soc/reset-controller@d4050000
[    0.436686] platform c0400500.hdmi: Fixed dependency cycle(s) with /soc/clock-controller@d4050000
[    0.445616] platform c0400500.hdmi: Fixed dependency cycle(s) with /soc/interrupt-controller@e0000000
[    0.460694] HugeTLB: registered 1.00 GiB page size, pre-allocated 0 pages
[    0.464658] HugeTLB: 0 KiB vmemmap can be freed for a 1.00 GiB page
[    0.470977] HugeTLB: registered 64.0 KiB page size, pre-allocated 0 pages
[    0.477831] HugeTLB: 0 KiB vmemmap can be freed for a 64.0 KiB page
[    0.484167] HugeTLB: registered 2.00 MiB page size, pre-allocated 0 pages
[    0.491023] HugeTLB: 0 KiB vmemmap can be freed for a 2.00 MiB page
[    0.499040] gpio gpiochip0: Static allocation of GPIO base is deprecated, use dynamic allocation.
[    0.507767] mmp-pdma d4000000.pdma: PM domain power-domain@SPT_PD_BUS will not be powered off
[    0.516405] SCSI subsystem initialized
[    0.519173] libata version 3.00 loaded.
[    0.522765] usbcore: registered new interface driver usbfs
[    0.528212] usbcore: registered new interface driver hub
[    0.533592] usbcore: registered new device driver usb
[    0.539036] mc: Linux media interface: v0.10
[    0.543074] videodev: Linux video capture interface: v2.00
[    0.548619] pps_core: LinuxPPS API ver. 1 registered
[    0.553613] pps_core: Software ver. 5.3.6 - Copyright 2005-2007 Rodolfo Giometti <giometti@linux.it>
[    0.562824] PTP clock support registered
[    0.567423] Advanced Linux Sound Architecture Driver Initialized.
[    0.568903] raid6: int64x8  gen()  1105 MB/s
[    0.573562] NET: Registered PF_INET protocol family
[    0.582692] IP idents hash table entries: 262144 (order: 9, 2097152 bytes, linear)
[    0.601747] tcp_listen_portaddr_hash hash table entries: 8192 (order: 5, 131072 bytes, linear)
[    0.607896] Table-perturb hash table entries: 65536 (order: 6, 262144 bytes, linear)
[    0.615350] TCP established hash table entries: 131072 (order: 8, 1048576 bytes, linear)
[    0.623926] TCP bind hash table entries: 65536 (order: 9, 2097152 bytes, linear)
[    0.633006] TCP: Hash tables configured (established 131072 bind 65536)
[    0.638044] MPTCP token hash table entries: 16384 (order: 6, 393216 bytes, linear)
[    0.645055] raid6: int64x4  gen()  1579 MB/s
[    0.645592] UDP hash table entries: 8192 (order: 6, 262144 bytes, linear)
[    0.656597] UDP-Lite hash table entries: 8192 (order: 6, 262144 bytes, linear)
[    0.664101] Bluetooth: Core ver 2.22
[    0.667491] NET: Registered PF_BLUETOOTH protocol family
[    0.672800] Bluetooth: HCI device and connection manager initialized
[    0.679223] Bluetooth: HCI socket layer initialized
[    0.684169] Bluetooth: L2CAP socket layer initialized
[    0.689301] Bluetooth: SCO socket layer initialized
[    0.694644] mctp: management component transport protocol core
[    0.700144] NET: Registered PF_MCTP protocol family
[    0.705218] vgaarb: loaded
[    0.717189] raid6: int64x2  gen()  1659 MB/s
[    0.717191] clocksource: Switched to clocksource riscv_clocksource
[    0.717598] VFS: Disk quotas dquot_6.6.0
[    0.728891] VFS: Dquot-cache hash table entries: 512 (order 0, 4096 bytes)
[    0.736558] AppArmor: AppArmor Filesystem Enabled
[    0.747976] NET: Registered PF_UNIX/PF_LOCAL protocol family
[    0.751389] RPC: Registered named UNIX socket transport module.
[    0.756778] RPC: Registered udp transport module.
[    0.761545] RPC: Registered tcp transport module.
[    0.766319] RPC: Registered tcp-with-tls transport module.
[    0.771875] RPC: Registered tcp NFSv4.1 backchannel transport module.
[    0.779298] NET: Registered PF_XDP protocol family
[    0.783266] PCI: CLS 0 bytes, default 64
[    0.785197] raid6: int64x1  gen()  1359 MB/s
[    0.788453] Initialise system trusted keyrings
[    0.791586] raid6: using algorithm int64x2 gen() 1659 MB/s
[    0.801875] workingset: timestamp_bits=46 max_order=22 bucket_order=0
[    0.809599] NFS: Registering the id_resolver key type
[    0.813322] Key type id_resolver registered
[    0.817538] Key type id_legacy registered
[    0.821638] nfs4filelayout_init: NFSv4 File Layout Driver Registering...
[    0.828396] nfs4flexfilelayout_init: NFSv4 Flexfile Layout Driver Registering...
[    0.838144] Key type cifs.spnego registered
[    0.840155] Key type cifs.idmap registered
[    0.844516] ntfs: driver 2.1.32 [Flags: R/W].
[    0.848740] ntfs3: Enabled Linux POSIX ACLs support
[    0.853647] ntfs3: Read-only LZX/Xpress compression included
[    0.857193] raid6: .... xor() 817 MB/s, rmw enabled
[    0.859411] fuse: init (API version 7.39)
[    0.864325] raid6: using intx1 recovery algorithm
[    0.891028] jitterentropy: Initialization failed with host not compliant with requirements: 9
[    0.896706] xor: measuring software checksum speed
[    0.902250]    8regs           :  4724 MB/sec
[    0.906703]    32regs          :  4553 MB/sec
[    0.911031]    rvv             :  5625 MB/sec
[    0.914848] xor: using function: rvv (5625 MB/sec)
[    0.919703] async_tx: api initialized (async)
[    0.924130] Key type asymmetric registered
[    0.928292] Asymmetric key parser 'x509' registered
[    0.933460] io scheduler mq-deadline registered
[    0.937854] io scheduler kyber registered
[    0.941958] io scheduler bfq registered
[    0.952889] [ddrbw] MAJOR is 243
[    0.953300] [ddrbw] MINOR is 0
[    0.984114] PVR_K:  1: Read BVNC 36.29.52.182 from HW device registers
[    0.987899] PVR_K:  1: RGX Device registered BVNC 36.29.52.182 with 1 core in the system
[    0.996781] [drm] Initialized pvr 24.2.6603887 20170530 for cac00000.imggpu on minor 0
[    1.011638] loop: module loaded
[    1.014373] Rounding down aligned max_sectors from 4294967295 to 4294967288
[    1.019198] db_root: cannot open: /etc/target
[    1.024685] tun: Universal TUN/TAP device driver, 1.6
[    1.028742] CAN device driver interface
[    1.032908] PPP generic driver version 2.4.2
[    1.036979] usbcore: registered new interface driver cdc_ether
[    1.042701] usbcore: registered new interface driver cdc_subset
[    1.048690] usbcore: registered new interface driver zaurus
[    1.055728] spacemit-k1x-combphy c0b10000.phy: USB3 PHY init.
[    1.060178] spacemit-k1x-combphy c0b10000.phy: USB3 PHY init lfps thres 3
[    1.068739] mv-ehci mv-ehci1: Spacemit EHCI
[    1.071291] mv-ehci mv-ehci1: new USB bus registered, assigned bus number 1
[    1.078414] mv-ehci mv-ehci1: irq 19, io mem 0xc0980100
[    1.097245] mv-ehci mv-ehci1: USB 2.0 started, EHCI 1.00
[    1.100527] hub 1-0:1.0: USB hub found
[    1.103573] hub 1-0:1.0: 1 port detected
[    1.108591] xhci-hcd xhci-hcd.0.auto: xHCI Host Controller
[    1.113121] xhci-hcd xhci-hcd.0.auto: new USB bus registered, assigned bus number 2
[    1.121027] xhci-hcd xhci-hcd.0.auto: hcc params 0x0220fe6d hci version 0x110 quirks 0x0000008000000090
[    1.131331] xhci-hcd xhci-hcd.0.auto: irq 18, io mem 0xc0a00000
[    1.136413] xhci-hcd xhci-hcd.0.auto: xHCI Host Controller
[    1.141832] xhci-hcd xhci-hcd.0.auto: new USB bus registered, assigned bus number 3
[    1.149543] xhci-hcd xhci-hcd.0.auto: Host supports USB 3.0 SuperSpeed
[    1.156724] hub 2-0:1.0: USB hub found
[    1.159992] hub 2-0:1.0: 1 port detected
[    1.164272] usb usb3: We don't know the algorithms for LPM for this host, disabling LPM.
[    1.172576] hub 3-0:1.0: USB hub found
[    1.175957] hub 3-0:1.0: 1 port detected
[    1.180526] usbcore: registered new interface driver uas
[    1.185448] usbcore: registered new interface driver usb-storage
[    1.191589] spacemit-usb3-hub soc:usb3hub@0: v1.0.2
[    1.196365] spacemit-usb3-hub soc:usb3hub@0: failed to retrieve hub-gpios from dts
[    1.204377] K1X_UDC: mv_udc_probe enter ...
[    1.208474] mv-udc mv-udc:  use 32bit DMA mask
[    1.212775] mv_udc: dqh size = 0x800  udc->ep_dqh_dma = 0x280a000
[    1.219415] mv-udc mv-udc: successful probe UDC device without clock gating.
[    1.226213] f_tcm: UAS support multiple cmds
[    1.230436] Gt9xx driver installing..
[    1.234230] <I>CTS-SPIDrv Chipone touch driver init, version: v3.7.0-sz
[    1.240773] <I>CTS-SPIDrv  - Register spi driver
[    1.245498] <I>CTS-SPIDrv  - Register touch driver successfully
[    1.252238] i2c_dev: i2c /dev entries driver
[    1.258038] MVX dev: Linlon v5276 identified. cores=2, nlsid=4, id=0, fuse=00000000, hw_id=00005276, hw_rev=00000050
[    1.267494] d420a000.csiphy begin to probe
[    1.270626] d420a000.csiphy probed
[    1.270724] d4206000.csiphy begin to probe
[    1.278206] d4206000.csiphy probed
[    1.278969] d420a000.ccic probed in k1x_ccic_probe
[    1.282785] d420a800.ccic probed in k1x_ccic_probe
[    1.287168] d4206000.ccic probed in k1x_ccic_probe
[    1.298252] acquire ccic0 ctrl dev succeed
[    1.304404] acquire ccic1 ctrl dev succeed
[    1.308545] acquire ccic2 ctrl dev succeed
[    1.318873] vcam_inf: svivi_probe 978: svivi probe ok.
[    1.321323] usbcore: registered new interface driver uvcvideo
[    1.331673] device-mapper: core: CONFIG_IMA_DISABLE_HTABLE is disabled. Duplicate IMA measurements will not be recorded in the IMA log.
[    1.341054] device-mapper: uevent: version 1.0.3
[    1.346111] device-mapper: ioctl: 4.48.0-ioctl (2023-03-01) initialised: dm-devel@redhat.com
[    1.354663] device-mapper: multipath round-robin: version 1.2.0 loaded
[    1.360806] device-mapper: multipath queue-length: version 0.2.0 loaded
[    1.367564] device-mapper: multipath service-time: version 0.3.0 loaded
[    1.374244] device-mapper: multipath historical-service-time: version 0.1.1 loaded
[    1.381936] Bluetooth: HCI UART driver ver 2.3
[    1.386319] Bluetooth: HCI UART protocol H4 registered
[    1.391571] Bluetooth: HCI UART protocol Three-wire (H5) registered
[    1.398425] of: _read_rate: Count mismatch between opp-hz and clk_count (2 1)
[    1.405091] cpu cpu0: _opp_add_static_v2: opp key field not found
[    1.411231] cpu cpu0: _of_add_opp_table_v2: Failed to add OPP, -22
[    1.417628] cpu cpu0: OPP table can't be empty
[    1.422470] sdhci: Secure Digital Host Controller Interface driver
[    1.428267] sdhci: Copyright(c) Pierre Ossman
[    1.432667] sdhci-pltfm: SDHCI platform and OF driver helper
[    1.563245] mmc2: new HS400 Enhanced strobe MMC card at address 0001
[    1.567431] mmcblk2: mmc2:0001 A3V012 116 GiB
[    1.573006]  mmcblk2: p1
[    1.574364] mmcblk2boot0: mmc2:0001 A3V012 4.00 MiB
[    1.580084] mmcblk2boot1: mmc2:0001 A3V012 4.00 MiB
[    1.584822] mmcblk2rpmb: mmc2:0001 A3V012 16.0 MiB, chardev (239:0)
[    1.590157] mmc2: SDHCI controller on d4281000.sdh [d4281000.sdh] using ADMA
[    1.599606] usbcore: registered new interface driver usbhid
[    1.602828] usbhid: USB HID core driver
[    1.608251] riscv-pmu-sbi: SBI PMU extension is available
[    1.612217] riscv-pmu-sbi: 16 firmware and 18 hardware counters
[    1.620795] NET: Registered PF_INET6 protocol family
[    1.626519] Segment Routing with IPv6
[    1.627379] In-situ OAM (IOAM) with IPv6
[    1.631422] NET: Registered PF_PACKET protocol family
[    1.636466] can: controller area network core
[    1.641066] NET: Registered PF_CAN protocol family
[    1.645851] can: raw protocol
[    1.648776] can: broadcast manager protocol
[    1.653055] can: netlink gateway - max_hops=1
[    1.657736] Bluetooth: RFCOMM TTY layer initialized
[    1.662457] Bluetooth: RFCOMM socket layer initialized
[    1.667643] Bluetooth: RFCOMM ver 1.11
[    1.671442] Bluetooth: BNEP (Ethernet Emulation) ver 1.3
[    1.676816] Bluetooth: BNEP filters: protocol multicast
[    1.682115] Bluetooth: BNEP socket layer initialized
[    1.687144] Bluetooth: HIDP (Human Interface Emulation) ver 1.2
[    1.693249] Bluetooth: HIDP socket layer initialized
[    1.698430] Key type dns_resolver registered
[    1.712560] registered taskstats version 1
[    1.714115] Loading compiled-in X.509 certificates
[    1.727651] Key type .fscrypt registered
[    1.728731] Key type fscrypt-provisioning registered
[    1.734037] AppArmor: AppArmor sha1 policy hashing enabled
[    1.739375] ima: No TPM chip found, activating TPM-bypass!
[    1.744907] Loading compiled-in module X.509 certificates
[    1.753036] Loaded X.509 cert 'Build time autogenerated kernel key: d09751580b02856b8914d7580a3c7f0249a3a0b1'
[    1.760357] ima: Allocated hash algorithm: sha1
[    1.764965] ima: No architecture policies found
[    1.781539] suspend: SBI SUSP extension detected
[    1.784573] spacemit-socinfo soc:socinfo@0: Spacemit: CPU[K1-6370] REV[C] DRO[123] Detected
[    1.792363] spacemit-usb3-hub soc:usb3hub@0: v1.0.2
[    1.796745] spacemit-usb3-hub soc:usb3hub@0: failed to retrieve hub-gpios from dts
[    1.806141] spacemit-usb3-hub soc:usb3hub@0: v1.0.2
[    1.809335] spacemit-usb3-hub soc:usb3hub@0: failed to retrieve hub-gpios from dts
[    1.820386] spacemit-usb3-hub soc:usb3hub@0: v1.0.2
[    1.822480] spacemit-usb3-hub soc:usb3hub@0: failed to retrieve hub-gpios from dts
[    1.831619] Trying to probe devices needed for running init ...
[    1.836897] spacemit-usb3-hub soc:usb3hub@0: v1.0.2
[    1.841047] spacemit-usb3-hub soc:usb3hub@0: failed to retrieve hub-gpios from dts
[   12.074157] spacemit-usb3-hub soc:usb3hub@0: v1.0.2
[   12.076229] spacemit-usb3-hub soc:usb3hub@0: failed to retrieve hub-gpios from dts
[   12.085449] platform d4017100.uart: deferred probe pending
[   12.089399] platform d420c000.spi: deferred probe pending
[   12.094856] platform cac80000.ethernet: deferred probe pending
[   12.100759] platform cac81000.ethernet: deferred probe pending
[   12.106660] platform snd-card@0: deferred probe pending
[   12.111954] platform snd-card@1: deferred probe pending
[   12.117250] platform soc:usb3hub@0: deferred probe pending
[   12.122806] platform pwm-fan: deferred probe pending
[   12.127839] platform d4280000.sdh: deferred probe pending
[   12.133309] platform d4280800.sdh: deferred probe pending
[   12.138777] platform leds: deferred probe pending
[   12.143550] platform c088c000.rcpu_rproc: deferred probe pending
[   12.149627] platform d4026000.i2s0: deferred probe pending
[   12.155184] platform d4021800.pwm: deferred probe pending
[   12.160651] platform c0888300.pwm: deferred probe pending
[   12.166121] platform c0400500.hdmi: deferred probe pending
[   12.171676] platform d4010800.i2c: deferred probe pending
[   12.177144] platform d4012000.i2c: deferred probe pending
[   12.182618] platform d401d800.i2c: deferred probe pending
[   12.188085] platform ca400000.pcie: deferred probe pending
[   12.193652] platform ca800000.pcie: deferred probe pending
[   12.199196] platform soc:lcd_backlight: deferred probe pending
[   12.205098] platform soc:cam_sensor@0: deferred probe pending
[   12.210913] platform c0883900.spacemit_snd_sspa: deferred probe pending
[   12.217596] platform rf-pwrseq: deferred probe pending
[   12.222804] platform d4017000.serial: deferred probe pending
[   14.121265] cfg80211: Loading compiled-in X.509 certificates for regulatory database
[   14.127269] Loaded X.509 cert 'sforshee: 00b28ddf47aef9cea7'
[   14.132605] Loaded X.509 cert 'wens: 61c038651aabdcf94bd0ac7ff06c7248db18c600'
[   14.139218] clk: Not disabling unused clocks
[   14.143577] ALSA device list:
[   14.146780]   No soundcards found.
[   14.150100] Warning: unable to open an initial console.
[   14.155338] md: Waiting for all devices to be available before autodetect
[   14.162175] md: If you don't use raid, use raid=noautodetect
[   14.167901] md: Autodetecting RAID arrays.
[   14.172066] md: autorun ...
[   14.174930] md: ... autorun DONE.
[  111.657623] VFS: Unable to mount root fs via NFS.
[  111.659548] devtmpfs: mounted
[  111.663492] Freeing unused kernel image (initmem) memory: 2304K
[  111.671221] Checked W+X mappings: passed, no W+X pages found
[  111.674278] Run /sbin/init as init process
[  111.678409]   with arguments:
[  111.681446]     /sbin/init
[  111.684213]   with environment:
[  111.687431]     HOME=/
[  111.689863]     TERM=linux
[  111.692904] Run /etc/init as init process
[  111.696728]   with arguments:
[  111.699761]     /etc/init
[  111.702447]   with environment:
[  111.705662]     HOME=/
[  111.708085]     TERM=linux
[  111.710929] Run /bin/init as init process
[  111.714956]   with arguments:
[  111.717987]     /bin/init
[  111.720671]   with environment:
[  111.723890]     HOME=/
[  111.726320]     TERM=linux
[  111.729144] Run /bin/sh as init process
[  111.733008]   with arguments:
[  111.736042]     /bin/sh
[  111.738561]   with environment:
[  111.741770]     HOME=/
[  111.744195]     TERM=linux
[  111.747032] Kernel panic - not syncing: No working init found.  Try passing init= option to kernel. See Linux Documentation/admin-guide/init.rst for guidance.
[  111.761211] CPU: 4 PID: 1 Comm: swapper/0 Not tainted 6.6.63+ #1
[  111.767286] Hardware name: spacemit k1-x deb1 board (DT)
[  111.772669] Call Trace:
[  111.775187] [<ffffffff8000662c>] dump_backtrace+0x1c/0x24
[  111.780654] [<ffffffff80f904e4>] show_stack+0x2c/0x38
[  111.785776] [<ffffffff80faac36>] dump_stack_lvl+0x3c/0x54
[  111.791244] [<ffffffff80faac62>] dump_stack+0x14/0x1c
[  111.796365] [<ffffffff80f90724>] panic+0x102/0x2a6
[  111.801227] [<ffffffff80fac664>] kernel_init+0x108/0x114
[  111.806608] [<ffffffff80fb5026>] ret_from_fork+0xe/0x18
[  111.811905] SMP: stopping secondary CPUs
[  111.815923] ---[ end Kernel panic - not syncing: No working init found.  Try passing init= option to kernel. See Linux Documentation/admin-guide/init.rst for guidance. ]---